Determining if the function sgemm_ exists failed with the following output:
Change Dir: /home/adcm2/space/SpectraSolver/build/CMakeFiles/CMakeScratch/TryCompile-6bKO3u

Run Build Command(s):/usr/bin/gmake -f Makefile cmTC_6f23a/fast && /usr/bin/gmake  -f CMakeFiles/cmTC_6f23a.dir/build.make CMakeFiles/cmTC_6f23a.dir/build
gmake[1]: Entering directory '/space/adcm2/SpectraSolver/build/CMakeFiles/CMakeScratch/TryCompile-6bKO3u'
Building C object CMakeFiles/cmTC_6f23a.dir/CheckFunctionExists.c.o
/opt/gcc-13.2.0/bin/gcc   -DCHECK_FUNCTION_EXISTS=sgemm_ -o CMakeFiles/cmTC_6f23a.dir/CheckFunctionExists.c.o -c /home/adcm2/space/SpectraSolver/build/CMakeFiles/CMakeScratch/TryCompile-6bKO3u/CheckFunctionExists.c
Linking C executable cmTC_6f23a
/usr/bin/cmake -E cmake_link_script CMakeFiles/cmTC_6f23a.dir/link.txt --verbose=1
/opt/gcc-13.2.0/bin/gcc  -DCHECK_FUNCTION_EXISTS=sgemm_ CMakeFiles/cmTC_6f23a.dir/CheckFunctionExists.c.o -o cmTC_6f23a 
/usr/bin/ld: CMakeFiles/cmTC_6f23a.dir/CheckFunctionExists.c.o: in function `main':
CheckFunctionExists.c:(.text+0x10): undefined reference to `sgemm_'
collect2: error: ld returned 1 exit status
gmake[1]: *** [CMakeFiles/cmTC_6f23a.dir/build.make:99: cmTC_6f23a] Error 1
gmake[1]: Leaving directory '/space/adcm2/SpectraSolver/build/CMakeFiles/CMakeScratch/TryCompile-6bKO3u'
gmake: *** [Makefile:127: cmTC_6f23a/fast] Error 2



Determining if the function cheev_ exists failed with the following output:
Change Dir: /home/adcm2/space/SpectraSolver/build/CMakeFiles/CMakeScratch/TryCompile-wpIieI

Run Build Command(s):/usr/bin/gmake -f Makefile cmTC_836a1/fast && /usr/bin/gmake  -f CMakeFiles/cmTC_836a1.dir/build.make CMakeFiles/cmTC_836a1.dir/build
gmake[1]: Entering directory '/space/adcm2/SpectraSolver/build/CMakeFiles/CMakeScratch/TryCompile-wpIieI'
Building C object CMakeFiles/cmTC_836a1.dir/CheckFunctionExists.c.o
/opt/gcc-13.2.0/bin/gcc   -DCHECK_FUNCTION_EXISTS=cheev_ -o CMakeFiles/cmTC_836a1.dir/CheckFunctionExists.c.o -c /home/adcm2/space/SpectraSolver/build/CMakeFiles/CMakeScratch/TryCompile-wpIieI/CheckFunctionExists.c
Linking C executable cmTC_836a1
/usr/bin/cmake -E cmake_link_script CMakeFiles/cmTC_836a1.dir/link.txt --verbose=1
/opt/gcc-13.2.0/bin/gcc  -DCHECK_FUNCTION_EXISTS=cheev_ CMakeFiles/cmTC_836a1.dir/CheckFunctionExists.c.o -o cmTC_836a1  /usr/lib/x86_64-linux-gnu/libblas.so -lm -ldl 
/usr/bin/ld: CMakeFiles/cmTC_836a1.dir/CheckFunctionExists.c.o: in function `main':
CheckFunctionExists.c:(.text+0x10): undefined reference to `cheev_'
collect2: error: ld returned 1 exit status
gmake[1]: *** [CMakeFiles/cmTC_836a1.dir/build.make:100: cmTC_836a1] Error 1
gmake[1]: Leaving directory '/space/adcm2/SpectraSolver/build/CMakeFiles/CMakeScratch/TryCompile-wpIieI'
gmake: *** [Makefile:127: cmTC_836a1/fast] Error 2



